// Jest Snapshot v1, https://goo.gl/fbAQLP

exports[`Login works fine Snapshot matches 1`] = `
<form
  className="app-form"
  onSubmit={[Function]}
>
  <div
    className="app-form__wrapper"
  >
    <h2
      className="app-form__title"
    >
      Войти
    </h2>
    <p
      className="app-form__suggestion"
    >
      Новый пользователь?
      <a
        className="app-form__link"
        href=""
      >
        Зарегистрироваться
      </a>
    </p>
    <div
      className="app-form__fields"
    >
      <div
        className="app-form__row"
      >
        <label
          className="MuiFormLabel-root"
        >
          <span
            className="app-form__fieldname"
          >
            Имя пользователя
          </span>
          <div
            className="MuiInputBase-root MuiInput-root MuiInput-underline app-form__input"
            data-testid="username"
            onClick={[Function]}
          >
            <input
              className="MuiInputBase-input MuiInput-input"
              onAnimationStart={[Function]}
              onBlur={[Function]}
              onChange={[Function]}
              onFocus={[Function]}
              type="text"
            />
          </div>
        </label>
      </div>
      <div
        className="app-form__row"
      >
        <label
          className="MuiFormLabel-root"
        >
          <span
            className="app-form__fieldname"
          >
            Пароль
          </span>
          <div
            className="MuiInputBase-root MuiInput-root MuiInput-underline app-form__input"
            data-testid="password"
            onClick={[Function]}
          >
            <input
              className="MuiInputBase-input MuiInput-input"
              onAnimationStart={[Function]}
              onBlur={[Function]}
              onChange={[Function]}
              onFocus={[Function]}
              type="password"
            />
          </div>
        </label>
      </div>
      <div
        className="app-form__row"
      >
        <button
          className="MuiButtonBase-root MuiButton-root MuiButton-contained button app-form__button"
          data-testid="button"
          disabled={false}
          onBlur={[Function]}
          onDragLeave={[Function]}
          onFocus={[Function]}
          onKeyDown={[Function]}
          onKeyUp={[Function]}
          onMouseDown={[Function]}
          onMouseLeave={[Function]}
          onMouseUp={[Function]}
          onTouchEnd={[Function]}
          onTouchMove={[Function]}
          onTouchStart={[Function]}
          tabIndex={0}
          type="submit"
        >
          <span
            className="MuiButton-label"
          >
            Войти
          </span>
        </button>
      </div>
    </div>
  </div>
</form>
`;
