// Jest Snapshot v1, https://goo.gl/fbAQLP

exports[`Login works fine Snapshot matches 1`] = `
<form
  className="app-form"
>
  <div
    className="app-form__wrapper"
  >
    <h2
      className="app-form__title"
    >
      Регистрация
    </h2>
    <p
      className="app-form__suggestion"
    >
      Уже зарегистрированы?
      <a
        className="app-form__link"
        href=""
      >
        Войти
      </a>
    </p>
    <div
      className="app-form__fields"
    >
      <div
        className="app-form__row"
      >
        <label
          className="MuiFormLabel-root"
        >
          <span
            className="app-form__fieldname"
          >
            Адрес электронной почты
          </span>
          <div
            className="MuiInputBase-root MuiInput-root MuiInput-underline app-form__input"
            data-testid="email"
            onClick={[Function]}
          >
            <input
              className="MuiInputBase-input MuiInput-input"
              onAnimationStart={[Function]}
              onBlur={[Function]}
              onChange={[Function]}
              onFocus={[Function]}
              type="email"
            />
          </div>
        </label>
      </div>
      <div
        className="app-form__row"
      >
        <label
          className="MuiFormLabel-root"
        >
          <span
            className="app-form__fieldname"
          >
            Имя
          </span>
          <div
            className="MuiInputBase-root MuiInput-root MuiInput-underline app-form__input"
            data-testid="name"
            onClick={[Function]}
          >
            <input
              className="MuiInputBase-input MuiInput-input"
              onAnimationStart={[Function]}
              onBlur={[Function]}
              onChange={[Function]}
              onFocus={[Function]}
              type="text"
            />
          </div>
        </label>
        <label
          className="MuiFormLabel-root"
        >
          <span
            className="app-form__fieldname"
          >
            Фамилия
          </span>
          <div
            className="MuiInputBase-root MuiInput-root MuiInput-underline app-form__input"
            data-testid="surname"
            onClick={[Function]}
          >
            <input
              className="MuiInputBase-input MuiInput-input"
              onAnimationStart={[Function]}
              onBlur={[Function]}
              onChange={[Function]}
              onFocus={[Function]}
              type="text"
            />
          </div>
        </label>
      </div>
      <div
        className="app-form__row"
      >
        <label
          className="MuiFormLabel-root"
        >
          <span
            className="app-form__fieldname"
          >
            Пароль
          </span>
          <div
            className="MuiInputBase-root MuiInput-root MuiInput-underline app-form__input"
            data-testid="password"
            onClick={[Function]}
          >
            <input
              className="MuiInputBase-input MuiInput-input"
              onAnimationStart={[Function]}
              onBlur={[Function]}
              onChange={[Function]}
              onFocus={[Function]}
              type="text"
            />
          </div>
        </label>
      </div>
    </div>
    <div
      className="app-form__controls"
    >
      <div
        className="app-form__row"
      >
        <button
          className="button app-form__button"
          data-testid="register"
          type="submit"
        >
          Зарегистрироваться
        </button>
      </div>
    </div>
  </div>
</form>
`;
